<html>
<body>
<pre>
<h1>µVision Build Log</h1>
<h2>Tool Versions:</h2>
IDE-Version: ¦ÌVision V5.20.0.0
Copyright (C) 2016 ARM Ltd and ARM Germany GmbH. All rights reserved.
License Information: 123 AutoBVT, Microsoft, LIC=BUUHL-0P0RM-KB8ER-KBE9C-BKKD7-G4BRG
 
Tool Versions:
Toolchain:       MDK-ARM Plus  Version: 5.20
Toolchain Path:  C:\Keil_v5\ARM\ARMCC\Bin
C Compiler:      Armcc.exe V5.06 update 2 (build 183)
Assembler:       Armasm.exe V5.06 update 2 (build 183)
Linker/Locator:  ArmLink.exe V5.06 update 2 (build 183)
Library Manager: ArmAr.exe V5.06 update 2 (build 183)
Hex Converter:   FromElf.exe V5.06 update 2 (build 183)
CPU DLL:         SARMCM3.DLL V5.20
Dialog DLL:      DARMCM1.DLL V1.14.0.0
Target DLL:      Segger\JL2CM3.dll V2.99.20.0
Dialog DLL:      TARMCM1.DLL V1.10.0.0
 
<h2>Project:</h2>
C:\Users\Administrator\Desktop\3.2-m1\3.2\OLED.uvprojx
Project File Date:  06/09/2017

<h2>Output:</h2>
*** Using Compiler 'V5.06 update 2 (build 183)', folder: 'C:\Keil_v5\ARM\ARMCC\Bin'
Rebuild target 'Target 1'
compiling oled.c...
UART.h(5): warning:  #1295-D: Deprecated declaration UART_Init - give arg types
  void UART_Init();
oled.c(848): warning:  #167-D: argument of type "uint8_t *" is incompatible with parameter of type "char *restrict"
  	sprintf(m,"%d",n);
oled.c: 2 warnings, 0 errors
compiling key.c...
compiling main.c...
UART.h(5): warning:  #1295-D: Deprecated declaration UART_Init - give arg types
  void UART_Init();
main.c(29): warning:  #223-D: function "OLED_Init" declared implicitly
  	OLED_Init();
main.c: 2 warnings, 0 errors
compiling ADC.c...
UART.h(5): warning:  #1295-D: Deprecated declaration UART_Init - give arg types
  void UART_Init();
ADC.c(129): warning:  #940-D: missing return statement at end of non-void function "ADC_read"
  }
ADC.c(66): warning:  #550-D: variable "tempBuf1" was set but never used
  	uint32_t tempBuf1;
ADC.c(67): warning:  #550-D: variable "tempBuf2" was set but never used
  	uint32_t tempBuf2;
ADC.c: 4 warnings, 0 errors
compiling UART.c...
compiling delay.c...
delay.c(5): warning:  #177-D: variable "t" was declared but never referenced
  	int t=0;
delay.c: 1 warning, 0 errors
compiling ui.c...
UART.h(5): warning:  #1295-D: Deprecated declaration UART_Init - give arg types
  void UART_Init();
ui.c(138): warning:  #167-D: argument of type "char *" is incompatible with parameter of type "uint8_t *"
  									OLED_P6x8Str(30,2,buff);
ui.c(143): warning:  #167-D: argument of type "char *" is incompatible with parameter of type "uint8_t *"
  								OLED_P6x8Str(30,5,buff);
ui.c(212): warning:  #1-D: last line of file ends without a newline
  							
ui.c: 4 warnings, 0 errors
assembling startup_LPC11xx.s...
compiling ADCT.c...
UART.h(5): warning:  #1295-D: Deprecated declaration UART_Init - give arg types
  void UART_Init();
ADCT.c: 1 warning, 0 errors
compiling system_LPC11xx.c...
linking...
Program Size: Code=11204 RO-data=2840 RW-data=5188 ZI-data=652  
".\Objects\OLED.axf" - 0 Error(s), 14 Warning(s).

<h2>Software Packages used:</h2>

Package Vendor: ARM
                http://www.keil.com/pack/ARM.CMSIS.5.0.0-Beta12.pack
                ARM::CMSIS:CORE:5.0.0
                CMSIS (Cortex Microcontroller Software Interface Standard)
   * Component: CORE Version: 5.0.0

Package Vendor: Keil
                http://www.keil.com/pack/Keil.LPC1100_DFP.1.4.0.pack
                Keil::Device:Startup:1.0.0
                NXP LPC1100 Series Device Support
   * Component: Startup Version: 1.0.0

<h2>Collection of Component include folders:</h2>
  C:\Users\Administrator\Desktop\3.2-m1\3.2\RTE
  C:\Keil_v5\ARM\PACK\ARM\CMSIS\5.0.0-Beta12\CMSIS\Include
  C:\Keil_v5\ARM\PACK\Keil\LPC1100_DFP\1.4.0\Device\Include\LPC11xx

<h2>Collection of Component Files used:</h2>

   * Component: ARM::CMSIS:CORE:5.0.0

   * Component: Keil::Device:Startup:1.0.0
      Source file:   Device\Source\ARM\startup_LPC11xx.s
      Source file:   Device\Source\system_LPC11xx.c
Build Time Elapsed:  00:00:05
</pre>
</body>
</html>
